Γùç injected env (5) from .env // tip: Γîÿ override existing { override: true }
Connecting to database...
node : Error testing Prisma Client: PrismaClientKnownRequestError: 
At line:1 char:1
+ node test-prisma-v7.js > test_output.txt 2>&1
+ ~~~~~~~~~~~~~~~~~~~~~~~~~~~~~~~~~~~~~~~~~~~~~
    + CategoryInfo          : NotSpecified: (Error testing P...nRequestError: :String) [], RemoteException
    + FullyQualifiedErrorId : NativeCommandError
 
Invalid `prisma.testimonial.findMany()` invocation in
C:\Users\Administrator\Desktop\sharcly2\frontend\test-prisma-v7.js:19:51

  16 
  17 try {
  18   console.log('Connecting to database...');
ΓåÆ 19   const testimonials = await prisma.testimonial.findMany(
The table `public.testimonials` does not exist in the current database.
    at Gr.handleRequestError 
(C:\Users\Administrator\Desktop\sharcly2\frontend\node_modules\@prisma\client\runtime\client.js:65:8286)
    at Gr.handleAndLogRequestError 
(C:\Users\Administrator\Desktop\sharcly2\frontend\node_modules\@prisma\client\runtime\client.js:65:7581)
    at Gr.request 
(C:\Users\Administrator\Desktop\sharcly2\frontend\node_modules\@prisma\client\runtime\client.js:65:7288)
    at process.processTicksAndRejections (node:internal/process/task_queues:104:5)
    at async a (C:\Users\Administrator\Desktop\sharcly2\frontend\node_modules\@prisma\client\runtime\client.js:75:6730)
    at async main (C:\Users\Administrator\Desktop\sharcly2\frontend\test-prisma-v7.js:19:26) {
  code: 'P2021',
  meta: {
    modelName: 'Testimonial',
    driverAdapterError: DriverAdapterError: TableDoesNotExist
        at PrismaPgAdapter.onError 
(C:\Users\Administrator\Desktop\sharcly2\frontend\node_modules\@prisma\adapter-pg\dist\index.js:678:11)
        at PrismaPgAdapter.performIO 
(C:\Users\Administrator\Desktop\sharcly2\frontend\node_modules\@prisma\adapter-pg\dist\index.js:673:12)
        at process.processTicksAndRejections (node:internal/process/task_queues:104:5)
        at async PrismaPgAdapter.queryRaw 
(C:\Users\Administrator\Desktop\sharcly2\frontend\node_modules\@prisma\adapter-pg\dist\index.js:604:30)
        at async e.interpretNode 
(C:\Users\Administrator\Desktop\sharcly2\frontend\node_modules\@prisma\client\runtime\client.js:11:44614)
        at async e.interpretNode 
(C:\Users\Administrator\Desktop\sharcly2\frontend\node_modules\@prisma\client\runtime\client.js:11:46278)
        at async e.run 
(C:\Users\Administrator\Desktop\sharcly2\frontend\node_modules\@prisma\client\runtime\client.js:11:43328)
        at async e.execute 
(C:\Users\Administrator\Desktop\sharcly2\frontend\node_modules\@prisma\client\runtime\client.js:57:815)
        at async jt.request 
(C:\Users\Administrator\Desktop\sharcly2\frontend\node_modules\@prisma\client\runtime\client.js:58:2399)
        at async Object.singleLoader 
(C:\Users\Administrator\Desktop\sharcly2\frontend\node_modules\@prisma\client\runtime\client.js:65:6569) {
      cause: [Object]
    }
  },
  clientVersion: '7.8.0'
}
